((v14->v14)->(v14->v14))
q:(forAll v4.((v4->v4)->(v4->v4)))
