\vl13.\vl14.(vl13 (vl13 (vl13 (vl13 (vl13 (vl13 (vl13 (vl13 (vl13 vl14)))))))))